
> nabadat@0.0.0 dev
> vite


  [32m[1mVITE[22m v8.0.12[39m  [2mready in [0m[1m15487[22m[2m[0m ms[22m

  [32m➜[39m  [1mLocal[22m:   [36mhttp://localhost:[1m5173[22m/[39m
[2m  [32m➜[39m  [1mNetwork[22m[2m: use [22m[1m--host[22m[2m to expose[22m
[2m12:00:16 PM[22m [31m[1m[vite][22m[39m [31mhttp proxy error: /api/v1/auth/session[39m
AggregateError [ECONNREFUSED]: 
    at internalConnectMultiple (node:net:1134:18)
    at afterConnectMultiple (node:net:1715:7)
[2m12:00:16 PM[22m [31m[1m[vite][22m[39m [31mhttp proxy error: /api/v1/auth/session[39m
AggregateError [ECONNREFUSED]: 
    at internalConnectMultiple (node:net:1134:18)
    at afterConnectMultiple (node:net:1715:7)
[2m12:00:16 PM[22m [31m[1m[vite][22m[39m [31mhttp proxy error: /api/v1/auth/session[39m
AggregateError [ECONNREFUSED]: 
    at internalConnectMultiple (node:net:1134:18)
    at afterConnectMultiple (node:net:1715:7)
[2m12:00:29 PM[22m [31m[1m[vite][22m[39m [31mhttp proxy error: /api/v1/auth/login[39m
AggregateError [ECONNREFUSED]: 
    at internalConnectMultiple (node:net:1134:18)
    at afterConnectMultiple (node:net:1715:7)
[2m12:00:39 PM[22m [31m[1m[vite][22m[39m [31mhttp proxy error: /api/v1/auth/login[39m
AggregateError [ECONNREFUSED]: 
    at internalConnectMultiple (node:net:1134:18)
    at afterConnectMultiple (node:net:1715:7)
[2m12:01:13 PM[22m [31m[1m[vite][22m[39m [31mhttp proxy error: /api/v1/auth/login[39m
AggregateError [ECONNREFUSED]: 
    at internalConnectMultiple (node:net:1134:18)
    at afterConnectMultiple (node:net:1715:7)
[2m8:52:35 AM[22m [31m[1m[vite][22m[39m [31mhttp proxy error: /api/v1/auth/login[39m
AggregateError [ECONNREFUSED]: 
    at internalConnectMultiple (node:net:1134:18)
    at afterConnectMultiple (node:net:1715:7)
[2m8:52:42 AM[22m [31m[1m[vite][22m[39m [31mhttp proxy error: /api/v1/auth/login[39m
AggregateError [ECONNREFUSED]: 
    at internalConnectMultiple (node:net:1134:18)
    at afterConnectMultiple (node:net:1715:7)
[2m8:52:58 AM[22m [31m[1m[vite][22m[39m [31mhttp proxy error: /api/v1/auth/login[39m
AggregateError [ECONNREFUSED]: 
    at internalConnectMultiple (node:net:1134:18)
    at afterConnectMultiple (node:net:1715:7)
[2m8:53:55 AM[22m [31m[1m[vite][22m[39m [31mhttp proxy error: /api/v1/auth/login[39m
AggregateError [ECONNREFUSED]: 
    at internalConnectMultiple (node:net:1134:18)
    at afterConnectMultiple (node:net:1715:7)
[2m8:54:01 AM[22m [31m[1m[vite][22m[39m [31mhttp proxy error: /api/v1/auth/login[39m
AggregateError [ECONNREFUSED]: 
    at internalConnectMultiple (node:net:1134:18)
    at afterConnectMultiple (node:net:1715:7)
[2m8:54:32 AM[22m [31m[1m[vite][22m[39m [31mhttp proxy error: /api/v1/auth/login[39m
AggregateError [ECONNREFUSED]: 
    at internalConnectMultiple (node:net:1134:18)
    at afterConnectMultiple (node:net:1715:7)
[2m8:54:37 AM[22m [31m[1m[vite][22m[39m [31mhttp proxy error: /api/v1/auth/login[39m
AggregateError [ECONNREFUSED]: 
    at internalConnectMultiple (node:net:1134:18)
    at afterConnectMultiple (node:net:1715:7)
[2m8:54:38 AM[22m [31m[1m[vite][22m[39m [31mhttp proxy error: /api/v1/auth/login[39m
AggregateError [ECONNREFUSED]: 
    at internalConnectMultiple (node:net:1134:18)
    at afterConnectMultiple (node:net:1715:7)
[2m8:55:39 AM[22m [31m[1m[vite][22m[39m [31mhttp proxy error: /api/v1/auth/login[39m
AggregateError [ECONNREFUSED]: 
    at internalConnectMultiple (node:net:1134:18)
    at afterConnectMultiple (node:net:1715:7)
[2m8:55:40 AM[22m [31m[1m[vite][22m[39m [31mhttp proxy error: /api/v1/auth/login[39m
AggregateError [ECONNREFUSED]: 
    at internalConnectMultiple (node:net:1134:18)
    at afterConnectMultiple (node:net:1715:7)
